// Jest Snapshot v1, https://jestjs.io/docs/snapshot-testing

exports[`Game Component - Full Coverage Suite Snapshot Tests should match snapshot for initial render 1`] = `
<main
  class="p-4"
>
  <header>
    <h1
      class="text-2xl font-bold"
    >
      Battlenet Game
    </h1>
    <div
      class="header-actions"
    >
      <button
        class="mt-2 px-3 py-1 rounded border"
      >
        Reset boards
      </button>
    </div>
    <div
      class="ships-setup mt-4"
    >
      <h3
        class="mb-2"
      >
        Ships to place (Player 
        A
        )
      </h3>
      <div
        class="ships-controls mb-2 flex items-center gap-3"
      >
        <div>
          <label
            class="text-sm mr-2"
          >
            Player:
          </label>
          <button
            class="px-2 py-1 rounded border selected"
          >
            A
          </button>
          <button
            class="px-2 py-1 rounded border  ml-2"
          >
            B
          </button>
        </div>
        <div>
          <label
            class="text-sm mr-2"
          >
            Ships Orientation:
          </label>
          <button
            class="px-2 py-1 rounded border selected"
          >
            Horizontal
          </button>
          <button
            class="px-2 py-1 rounded border  ml-2"
          >
            Vertical
          </button>
        </div>
        <div>
          <button
            class="ml-4 px-3 py-1 rounded border bg-green-50"
            disabled=""
          >
            Done placing (A)
          </button>
        </div>
      </div>
      <div
        class="ships-list flex gap-2"
      >
        <div
          class="p-2 border rounded"
        >
          <div>
            <strong>
              Carrier
            </strong>
             (
            5
            )
          </div>
          <div
            class="mt-1"
          >
            <button
              class="px-2 py-1 rounded border "
            >
              Select
            </button>
          </div>
        </div>
        <div
          class="p-2 border rounded"
        >
          <div>
            <strong>
              Battleship
            </strong>
             (
            4
            )
          </div>
          <div
            class="mt-1"
          >
            <button
              class="px-2 py-1 rounded border "
            >
              Select
            </button>
          </div>
        </div>
        <div
          class="p-2 border rounded"
        >
          <div>
            <strong>
              Cruiser
            </strong>
             (
            3
            )
          </div>
          <div
            class="mt-1"
          >
            <button
              class="px-2 py-1 rounded border "
            >
              Select
            </button>
          </div>
        </div>
        <div
          class="p-2 border rounded"
        >
          <div>
            <strong>
              Submarine
            </strong>
             (
            3
            )
          </div>
          <div
            class="mt-1"
          >
            <button
              class="px-2 py-1 rounded border "
            >
              Select
            </button>
          </div>
        </div>
        <div
          class="p-2 border rounded"
        >
          <div>
            <strong>
              Destroyer
            </strong>
             (
            2
            )
          </div>
          <div
            class="mt-1"
          >
            <button
              class="px-2 py-1 rounded border "
            >
              Select
            </button>
          </div>
        </div>
      </div>
    </div>
  </header>
  <section
    class="game"
  >
    <div
      class="boards-grid"
    >
      <div
        class="player-column "
      >
        <h2
          class="player-title"
        >
          Player A
        </h2>
        <div
          class="board-wrapper"
        >
          <div
            class="board-label"
          >
            A - Defensa
          </div>
          <div
            data-board-length="100"
            data-testid="board-A"
          >
            <div
              data-testid="cells-A"
            >
              <div
                data-testid="cell-A-0"
              />
              <div
                data-testid="cell-A-1"
              />
              <div
                data-testid="cell-A-2"
              />
              <div
                data-testid="cell-A-3"
              />
              <div
                data-testid="cell-A-4"
              />
              <div
                data-testid="cell-A-5"
              />
              <div
                data-testid="cell-A-6"
              />
              <div
                data-testid="cell-A-7"
              />
              <div
                data-testid="cell-A-8"
              />
              <div
                data-testid="cell-A-9"
              />
              <div
                data-testid="cell-A-10"
              />
              <div
                data-testid="cell-A-11"
              />
              <div
                data-testid="cell-A-12"
              />
              <div
                data-testid="cell-A-13"
              />
              <div
                data-testid="cell-A-14"
              />
              <div
                data-testid="cell-A-15"
              />
              <div
                data-testid="cell-A-16"
              />
              <div
                data-testid="cell-A-17"
              />
              <div
                data-testid="cell-A-18"
              />
              <div
                data-testid="cell-A-19"
              />
              <div
                data-testid="cell-A-20"
              />
              <div
                data-testid="cell-A-21"
              />
              <div
                data-testid="cell-A-22"
              />
              <div
                data-testid="cell-A-23"
              />
              <div
                data-testid="cell-A-24"
              />
              <div
                data-testid="cell-A-25"
              />
              <div
                data-testid="cell-A-26"
              />
              <div
                data-testid="cell-A-27"
              />
              <div
                data-testid="cell-A-28"
              />
              <div
                data-testid="cell-A-29"
              />
              <div
                data-testid="cell-A-30"
              />
              <div
                data-testid="cell-A-31"
              />
              <div
                data-testid="cell-A-32"
              />
              <div
                data-testid="cell-A-33"
              />
              <div
                data-testid="cell-A-34"
              />
              <div
                data-testid="cell-A-35"
              />
              <div
                data-testid="cell-A-36"
              />
              <div
                data-testid="cell-A-37"
              />
              <div
                data-testid="cell-A-38"
              />
              <div
                data-testid="cell-A-39"
              />
              <div
                data-testid="cell-A-40"
              />
              <div
                data-testid="cell-A-41"
              />
              <div
                data-testid="cell-A-42"
              />
              <div
                data-testid="cell-A-43"
              />
              <div
                data-testid="cell-A-44"
              />
              <div
                data-testid="cell-A-45"
              />
              <div
                data-testid="cell-A-46"
              />
              <div
                data-testid="cell-A-47"
              />
              <div
                data-testid="cell-A-48"
              />
              <div
                data-testid="cell-A-49"
              />
              <div
                data-testid="cell-A-50"
              />
              <div
                data-testid="cell-A-51"
              />
              <div
                data-testid="cell-A-52"
              />
              <div
                data-testid="cell-A-53"
              />
              <div
                data-testid="cell-A-54"
              />
              <div
                data-testid="cell-A-55"
              />
              <div
                data-testid="cell-A-56"
              />
              <div
                data-testid="cell-A-57"
              />
              <div
                data-testid="cell-A-58"
              />
              <div
                data-testid="cell-A-59"
              />
              <div
                data-testid="cell-A-60"
              />
              <div
                data-testid="cell-A-61"
              />
              <div
                data-testid="cell-A-62"
              />
              <div
                data-testid="cell-A-63"
              />
              <div
                data-testid="cell-A-64"
              />
              <div
                data-testid="cell-A-65"
              />
              <div
                data-testid="cell-A-66"
              />
              <div
                data-testid="cell-A-67"
              />
              <div
                data-testid="cell-A-68"
              />
              <div
                data-testid="cell-A-69"
              />
              <div
                data-testid="cell-A-70"
              />
              <div
                data-testid="cell-A-71"
              />
              <div
                data-testid="cell-A-72"
              />
              <div
                data-testid="cell-A-73"
              />
              <div
                data-testid="cell-A-74"
              />
              <div
                data-testid="cell-A-75"
              />
              <div
                data-testid="cell-A-76"
              />
              <div
                data-testid="cell-A-77"
              />
              <div
                data-testid="cell-A-78"
              />
              <div
                data-testid="cell-A-79"
              />
              <div
                data-testid="cell-A-80"
              />
              <div
                data-testid="cell-A-81"
              />
              <div
                data-testid="cell-A-82"
              />
              <div
                data-testid="cell-A-83"
              />
              <div
                data-testid="cell-A-84"
              />
              <div
                data-testid="cell-A-85"
              />
              <div
                data-testid="cell-A-86"
              />
              <div
                data-testid="cell-A-87"
              />
              <div
                data-testid="cell-A-88"
              />
              <div
                data-testid="cell-A-89"
              />
              <div
                data-testid="cell-A-90"
              />
              <div
                data-testid="cell-A-91"
              />
              <div
                data-testid="cell-A-92"
              />
              <div
                data-testid="cell-A-93"
              />
              <div
                data-testid="cell-A-94"
              />
              <div
                data-testid="cell-A-95"
              />
              <div
                data-testid="cell-A-96"
              />
              <div
                data-testid="cell-A-97"
              />
              <div
                data-testid="cell-A-98"
              />
              <div
                data-testid="cell-A-99"
              />
            </div>
          </div>
        </div>
        <div
          class="board-wrapper"
        >
          <div
            class="board-label"
          >
            A - Ataque
          </div>
          <div
            data-board-length="100"
            data-testid="board-A-attack"
          >
            <div
              data-testid="cells-A-attack"
            >
              <div
                data-testid="cell-A-attack-0"
              />
              <div
                data-testid="cell-A-attack-1"
              />
              <div
                data-testid="cell-A-attack-2"
              />
              <div
                data-testid="cell-A-attack-3"
              />
              <div
                data-testid="cell-A-attack-4"
              />
              <div
                data-testid="cell-A-attack-5"
              />
              <div
                data-testid="cell-A-attack-6"
              />
              <div
                data-testid="cell-A-attack-7"
              />
              <div
                data-testid="cell-A-attack-8"
              />
              <div
                data-testid="cell-A-attack-9"
              />
              <div
                data-testid="cell-A-attack-10"
              />
              <div
                data-testid="cell-A-attack-11"
              />
              <div
                data-testid="cell-A-attack-12"
              />
              <div
                data-testid="cell-A-attack-13"
              />
              <div
                data-testid="cell-A-attack-14"
              />
              <div
                data-testid="cell-A-attack-15"
              />
              <div
                data-testid="cell-A-attack-16"
              />
              <div
                data-testid="cell-A-attack-17"
              />
              <div
                data-testid="cell-A-attack-18"
              />
              <div
                data-testid="cell-A-attack-19"
              />
              <div
                data-testid="cell-A-attack-20"
              />
              <div
                data-testid="cell-A-attack-21"
              />
              <div
                data-testid="cell-A-attack-22"
              />
              <div
                data-testid="cell-A-attack-23"
              />
              <div
                data-testid="cell-A-attack-24"
              />
              <div
                data-testid="cell-A-attack-25"
              />
              <div
                data-testid="cell-A-attack-26"
              />
              <div
                data-testid="cell-A-attack-27"
              />
              <div
                data-testid="cell-A-attack-28"
              />
              <div
                data-testid="cell-A-attack-29"
              />
              <div
                data-testid="cell-A-attack-30"
              />
              <div
                data-testid="cell-A-attack-31"
              />
              <div
                data-testid="cell-A-attack-32"
              />
              <div
                data-testid="cell-A-attack-33"
              />
              <div
                data-testid="cell-A-attack-34"
              />
              <div
                data-testid="cell-A-attack-35"
              />
              <div
                data-testid="cell-A-attack-36"
              />
              <div
                data-testid="cell-A-attack-37"
              />
              <div
                data-testid="cell-A-attack-38"
              />
              <div
                data-testid="cell-A-attack-39"
              />
              <div
                data-testid="cell-A-attack-40"
              />
              <div
                data-testid="cell-A-attack-41"
              />
              <div
                data-testid="cell-A-attack-42"
              />
              <div
                data-testid="cell-A-attack-43"
              />
              <div
                data-testid="cell-A-attack-44"
              />
              <div
                data-testid="cell-A-attack-45"
              />
              <div
                data-testid="cell-A-attack-46"
              />
              <div
                data-testid="cell-A-attack-47"
              />
              <div
                data-testid="cell-A-attack-48"
              />
              <div
                data-testid="cell-A-attack-49"
              />
              <div
                data-testid="cell-A-attack-50"
              />
              <div
                data-testid="cell-A-attack-51"
              />
              <div
                data-testid="cell-A-attack-52"
              />
              <div
                data-testid="cell-A-attack-53"
              />
              <div
                data-testid="cell-A-attack-54"
              />
              <div
                data-testid="cell-A-attack-55"
              />
              <div
                data-testid="cell-A-attack-56"
              />
              <div
                data-testid="cell-A-attack-57"
              />
              <div
                data-testid="cell-A-attack-58"
              />
              <div
                data-testid="cell-A-attack-59"
              />
              <div
                data-testid="cell-A-attack-60"
              />
              <div
                data-testid="cell-A-attack-61"
              />
              <div
                data-testid="cell-A-attack-62"
              />
              <div
                data-testid="cell-A-attack-63"
              />
              <div
                data-testid="cell-A-attack-64"
              />
              <div
                data-testid="cell-A-attack-65"
              />
              <div
                data-testid="cell-A-attack-66"
              />
              <div
                data-testid="cell-A-attack-67"
              />
              <div
                data-testid="cell-A-attack-68"
              />
              <div
                data-testid="cell-A-attack-69"
              />
              <div
                data-testid="cell-A-attack-70"
              />
              <div
                data-testid="cell-A-attack-71"
              />
              <div
                data-testid="cell-A-attack-72"
              />
              <div
                data-testid="cell-A-attack-73"
              />
              <div
                data-testid="cell-A-attack-74"
              />
              <div
                data-testid="cell-A-attack-75"
              />
              <div
                data-testid="cell-A-attack-76"
              />
              <div
                data-testid="cell-A-attack-77"
              />
              <div
                data-testid="cell-A-attack-78"
              />
              <div
                data-testid="cell-A-attack-79"
              />
              <div
                data-testid="cell-A-attack-80"
              />
              <div
                data-testid="cell-A-attack-81"
              />
              <div
                data-testid="cell-A-attack-82"
              />
              <div
                data-testid="cell-A-attack-83"
              />
              <div
                data-testid="cell-A-attack-84"
              />
              <div
                data-testid="cell-A-attack-85"
              />
              <div
                data-testid="cell-A-attack-86"
              />
              <div
                data-testid="cell-A-attack-87"
              />
              <div
                data-testid="cell-A-attack-88"
              />
              <div
                data-testid="cell-A-attack-89"
              />
              <div
                data-testid="cell-A-attack-90"
              />
              <div
                data-testid="cell-A-attack-91"
              />
              <div
                data-testid="cell-A-attack-92"
              />
              <div
                data-testid="cell-A-attack-93"
              />
              <div
                data-testid="cell-A-attack-94"
              />
              <div
                data-testid="cell-A-attack-95"
              />
              <div
                data-testid="cell-A-attack-96"
              />
              <div
                data-testid="cell-A-attack-97"
              />
              <div
                data-testid="cell-A-attack-98"
              />
              <div
                data-testid="cell-A-attack-99"
              />
            </div>
          </div>
        </div>
      </div>
      <div
        class="player-column "
      >
        <h2
          class="player-title"
        >
          Player B
        </h2>
        <div
          class="board-wrapper"
        >
          <div
            class="board-label"
          >
            B - Defensa
          </div>
          <div
            data-board-length="100"
            data-testid="board-B"
          >
            <div
              data-testid="cells-B"
            >
              <div
                data-testid="cell-B-0"
              />
              <div
                data-testid="cell-B-1"
              />
              <div
                data-testid="cell-B-2"
              />
              <div
                data-testid="cell-B-3"
              />
              <div
                data-testid="cell-B-4"
              />
              <div
                data-testid="cell-B-5"
              />
              <div
                data-testid="cell-B-6"
              />
              <div
                data-testid="cell-B-7"
              />
              <div
                data-testid="cell-B-8"
              />
              <div
                data-testid="cell-B-9"
              />
              <div
                data-testid="cell-B-10"
              />
              <div
                data-testid="cell-B-11"
              />
              <div
                data-testid="cell-B-12"
              />
              <div
                data-testid="cell-B-13"
              />
              <div
                data-testid="cell-B-14"
              />
              <div
                data-testid="cell-B-15"
              />
              <div
                data-testid="cell-B-16"
              />
              <div
                data-testid="cell-B-17"
              />
              <div
                data-testid="cell-B-18"
              />
              <div
                data-testid="cell-B-19"
              />
              <div
                data-testid="cell-B-20"
              />
              <div
                data-testid="cell-B-21"
              />
              <div
                data-testid="cell-B-22"
              />
              <div
                data-testid="cell-B-23"
              />
              <div
                data-testid="cell-B-24"
              />
              <div
                data-testid="cell-B-25"
              />
              <div
                data-testid="cell-B-26"
              />
              <div
                data-testid="cell-B-27"
              />
              <div
                data-testid="cell-B-28"
              />
              <div
                data-testid="cell-B-29"
              />
              <div
                data-testid="cell-B-30"
              />
              <div
                data-testid="cell-B-31"
              />
              <div
                data-testid="cell-B-32"
              />
              <div
                data-testid="cell-B-33"
              />
              <div
                data-testid="cell-B-34"
              />
              <div
                data-testid="cell-B-35"
              />
              <div
                data-testid="cell-B-36"
              />
              <div
                data-testid="cell-B-37"
              />
              <div
                data-testid="cell-B-38"
              />
              <div
                data-testid="cell-B-39"
              />
              <div
                data-testid="cell-B-40"
              />
              <div
                data-testid="cell-B-41"
              />
              <div
                data-testid="cell-B-42"
              />
              <div
                data-testid="cell-B-43"
              />
              <div
                data-testid="cell-B-44"
              />
              <div
                data-testid="cell-B-45"
              />
              <div
                data-testid="cell-B-46"
              />
              <div
                data-testid="cell-B-47"
              />
              <div
                data-testid="cell-B-48"
              />
              <div
                data-testid="cell-B-49"
              />
              <div
                data-testid="cell-B-50"
              />
              <div
                data-testid="cell-B-51"
              />
              <div
                data-testid="cell-B-52"
              />
              <div
                data-testid="cell-B-53"
              />
              <div
                data-testid="cell-B-54"
              />
              <div
                data-testid="cell-B-55"
              />
              <div
                data-testid="cell-B-56"
              />
              <div
                data-testid="cell-B-57"
              />
              <div
                data-testid="cell-B-58"
              />
              <div
                data-testid="cell-B-59"
              />
              <div
                data-testid="cell-B-60"
              />
              <div
                data-testid="cell-B-61"
              />
              <div
                data-testid="cell-B-62"
              />
              <div
                data-testid="cell-B-63"
              />
              <div
                data-testid="cell-B-64"
              />
              <div
                data-testid="cell-B-65"
              />
              <div
                data-testid="cell-B-66"
              />
              <div
                data-testid="cell-B-67"
              />
              <div
                data-testid="cell-B-68"
              />
              <div
                data-testid="cell-B-69"
              />
              <div
                data-testid="cell-B-70"
              />
              <div
                data-testid="cell-B-71"
              />
              <div
                data-testid="cell-B-72"
              />
              <div
                data-testid="cell-B-73"
              />
              <div
                data-testid="cell-B-74"
              />
              <div
                data-testid="cell-B-75"
              />
              <div
                data-testid="cell-B-76"
              />
              <div
                data-testid="cell-B-77"
              />
              <div
                data-testid="cell-B-78"
              />
              <div
                data-testid="cell-B-79"
              />
              <div
                data-testid="cell-B-80"
              />
              <div
                data-testid="cell-B-81"
              />
              <div
                data-testid="cell-B-82"
              />
              <div
                data-testid="cell-B-83"
              />
              <div
                data-testid="cell-B-84"
              />
              <div
                data-testid="cell-B-85"
              />
              <div
                data-testid="cell-B-86"
              />
              <div
                data-testid="cell-B-87"
              />
              <div
                data-testid="cell-B-88"
              />
              <div
                data-testid="cell-B-89"
              />
              <div
                data-testid="cell-B-90"
              />
              <div
                data-testid="cell-B-91"
              />
              <div
                data-testid="cell-B-92"
              />
              <div
                data-testid="cell-B-93"
              />
              <div
                data-testid="cell-B-94"
              />
              <div
                data-testid="cell-B-95"
              />
              <div
                data-testid="cell-B-96"
              />
              <div
                data-testid="cell-B-97"
              />
              <div
                data-testid="cell-B-98"
              />
              <div
                data-testid="cell-B-99"
              />
            </div>
          </div>
        </div>
        <div
          class="board-wrapper"
        >
          <div
            class="board-label"
          >
            B - Ataque
          </div>
          <div
            data-board-length="100"
            data-testid="board-B-attack"
          >
            <div
              data-testid="cells-B-attack"
            >
              <div
                data-testid="cell-B-attack-0"
              />
              <div
                data-testid="cell-B-attack-1"
              />
              <div
                data-testid="cell-B-attack-2"
              />
              <div
                data-testid="cell-B-attack-3"
              />
              <div
                data-testid="cell-B-attack-4"
              />
              <div
                data-testid="cell-B-attack-5"
              />
              <div
                data-testid="cell-B-attack-6"
              />
              <div
                data-testid="cell-B-attack-7"
              />
              <div
                data-testid="cell-B-attack-8"
              />
              <div
                data-testid="cell-B-attack-9"
              />
              <div
                data-testid="cell-B-attack-10"
              />
              <div
                data-testid="cell-B-attack-11"
              />
              <div
                data-testid="cell-B-attack-12"
              />
              <div
                data-testid="cell-B-attack-13"
              />
              <div
                data-testid="cell-B-attack-14"
              />
              <div
                data-testid="cell-B-attack-15"
              />
              <div
                data-testid="cell-B-attack-16"
              />
              <div
                data-testid="cell-B-attack-17"
              />
              <div
                data-testid="cell-B-attack-18"
              />
              <div
                data-testid="cell-B-attack-19"
              />
              <div
                data-testid="cell-B-attack-20"
              />
              <div
                data-testid="cell-B-attack-21"
              />
              <div
                data-testid="cell-B-attack-22"
              />
              <div
                data-testid="cell-B-attack-23"
              />
              <div
                data-testid="cell-B-attack-24"
              />
              <div
                data-testid="cell-B-attack-25"
              />
              <div
                data-testid="cell-B-attack-26"
              />
              <div
                data-testid="cell-B-attack-27"
              />
              <div
                data-testid="cell-B-attack-28"
              />
              <div
                data-testid="cell-B-attack-29"
              />
              <div
                data-testid="cell-B-attack-30"
              />
              <div
                data-testid="cell-B-attack-31"
              />
              <div
                data-testid="cell-B-attack-32"
              />
              <div
                data-testid="cell-B-attack-33"
              />
              <div
                data-testid="cell-B-attack-34"
              />
              <div
                data-testid="cell-B-attack-35"
              />
              <div
                data-testid="cell-B-attack-36"
              />
              <div
                data-testid="cell-B-attack-37"
              />
              <div
                data-testid="cell-B-attack-38"
              />
              <div
                data-testid="cell-B-attack-39"
              />
              <div
                data-testid="cell-B-attack-40"
              />
              <div
                data-testid="cell-B-attack-41"
              />
              <div
                data-testid="cell-B-attack-42"
              />
              <div
                data-testid="cell-B-attack-43"
              />
              <div
                data-testid="cell-B-attack-44"
              />
              <div
                data-testid="cell-B-attack-45"
              />
              <div
                data-testid="cell-B-attack-46"
              />
              <div
                data-testid="cell-B-attack-47"
              />
              <div
                data-testid="cell-B-attack-48"
              />
              <div
                data-testid="cell-B-attack-49"
              />
              <div
                data-testid="cell-B-attack-50"
              />
              <div
                data-testid="cell-B-attack-51"
              />
              <div
                data-testid="cell-B-attack-52"
              />
              <div
                data-testid="cell-B-attack-53"
              />
              <div
                data-testid="cell-B-attack-54"
              />
              <div
                data-testid="cell-B-attack-55"
              />
              <div
                data-testid="cell-B-attack-56"
              />
              <div
                data-testid="cell-B-attack-57"
              />
              <div
                data-testid="cell-B-attack-58"
              />
              <div
                data-testid="cell-B-attack-59"
              />
              <div
                data-testid="cell-B-attack-60"
              />
              <div
                data-testid="cell-B-attack-61"
              />
              <div
                data-testid="cell-B-attack-62"
              />
              <div
                data-testid="cell-B-attack-63"
              />
              <div
                data-testid="cell-B-attack-64"
              />
              <div
                data-testid="cell-B-attack-65"
              />
              <div
                data-testid="cell-B-attack-66"
              />
              <div
                data-testid="cell-B-attack-67"
              />
              <div
                data-testid="cell-B-attack-68"
              />
              <div
                data-testid="cell-B-attack-69"
              />
              <div
                data-testid="cell-B-attack-70"
              />
              <div
                data-testid="cell-B-attack-71"
              />
              <div
                data-testid="cell-B-attack-72"
              />
              <div
                data-testid="cell-B-attack-73"
              />
              <div
                data-testid="cell-B-attack-74"
              />
              <div
                data-testid="cell-B-attack-75"
              />
              <div
                data-testid="cell-B-attack-76"
              />
              <div
                data-testid="cell-B-attack-77"
              />
              <div
                data-testid="cell-B-attack-78"
              />
              <div
                data-testid="cell-B-attack-79"
              />
              <div
                data-testid="cell-B-attack-80"
              />
              <div
                data-testid="cell-B-attack-81"
              />
              <div
                data-testid="cell-B-attack-82"
              />
              <div
                data-testid="cell-B-attack-83"
              />
              <div
                data-testid="cell-B-attack-84"
              />
              <div
                data-testid="cell-B-attack-85"
              />
              <div
                data-testid="cell-B-attack-86"
              />
              <div
                data-testid="cell-B-attack-87"
              />
              <div
                data-testid="cell-B-attack-88"
              />
              <div
                data-testid="cell-B-attack-89"
              />
              <div
                data-testid="cell-B-attack-90"
              />
              <div
                data-testid="cell-B-attack-91"
              />
              <div
                data-testid="cell-B-attack-92"
              />
              <div
                data-testid="cell-B-attack-93"
              />
              <div
                data-testid="cell-B-attack-94"
              />
              <div
                data-testid="cell-B-attack-95"
              />
              <div
                data-testid="cell-B-attack-96"
              />
              <div
                data-testid="cell-B-attack-97"
              />
              <div
                data-testid="cell-B-attack-98"
              />
              <div
                data-testid="cell-B-attack-99"
              />
            </div>
          </div>
        </div>
      </div>
    </div>
  </section>
</main>
`;

exports[`Game Component - Full Coverage Suite Snapshot Tests should match snapshot for ships setup section 1`] = `
<div
  class="ships-setup mt-4"
>
  <h3
    class="mb-2"
  >
    Ships to place (Player 
    A
    )
  </h3>
  <div
    class="ships-controls mb-2 flex items-center gap-3"
  >
    <div>
      <label
        class="text-sm mr-2"
      >
        Player:
      </label>
      <button
        class="px-2 py-1 rounded border selected"
      >
        A
      </button>
      <button
        class="px-2 py-1 rounded border  ml-2"
      >
        B
      </button>
    </div>
    <div>
      <label
        class="text-sm mr-2"
      >
        Ships Orientation:
      </label>
      <button
        class="px-2 py-1 rounded border selected"
      >
        Horizontal
      </button>
      <button
        class="px-2 py-1 rounded border  ml-2"
      >
        Vertical
      </button>
    </div>
    <div>
      <button
        class="ml-4 px-3 py-1 rounded border bg-green-50"
        disabled=""
      >
        Done placing (A)
      </button>
    </div>
  </div>
  <div
    class="ships-list flex gap-2"
  >
    <div
      class="p-2 border rounded"
    >
      <div>
        <strong>
          Carrier
        </strong>
         (
        5
        )
      </div>
      <div
        class="mt-1"
      >
        <button
          class="px-2 py-1 rounded border "
        >
          Select
        </button>
      </div>
    </div>
    <div
      class="p-2 border rounded"
    >
      <div>
        <strong>
          Battleship
        </strong>
         (
        4
        )
      </div>
      <div
        class="mt-1"
      >
        <button
          class="px-2 py-1 rounded border "
        >
          Select
        </button>
      </div>
    </div>
    <div
      class="p-2 border rounded"
    >
      <div>
        <strong>
          Cruiser
        </strong>
         (
        3
        )
      </div>
      <div
        class="mt-1"
      >
        <button
          class="px-2 py-1 rounded border "
        >
          Select
        </button>
      </div>
    </div>
    <div
      class="p-2 border rounded"
    >
      <div>
        <strong>
          Submarine
        </strong>
         (
        3
        )
      </div>
      <div
        class="mt-1"
      >
        <button
          class="px-2 py-1 rounded border "
        >
          Select
        </button>
      </div>
    </div>
    <div
      class="p-2 border rounded"
    >
      <div>
        <strong>
          Destroyer
        </strong>
         (
        2
        )
      </div>
      <div
        class="mt-1"
      >
        <button
          class="px-2 py-1 rounded border "
        >
          Select
        </button>
      </div>
    </div>
  </div>
</div>
`;
